../Core/Src/main.c:130:5:_write	32	static
../Core/Src/main.c:155:6:UpdateFailsafeStatus	16	static
../Core/Src/main.c:171:6:SetSbusFailsafeStatus	16	static
../Core/Src/main.c:194:6:IsAutonomousControl	16	static
../Core/Src/main.c:204:6:IsDisableSbusOut	16	static
../Core/Src/main.c:214:6:IsValidSbusFrame	16	static
../Core/Src/main.c:229:10:cal_CH_auto_value	24	static
../Core/Src/main.c:237:9:cal_scaled_value	24	static
../Core/Src/main.c:250:6:ChannelToSbus	16	static
../Core/Src/main.c:305:6:SbusToChannel	16	static
../Core/Src/main.c:346:6:test_channel_codec	136	static
../Core/Src/main.c:391:6:test_sbus_codec	128	static
../Core/Src/main.c:437:6:test_crc_data_codec	24	static
../Core/Src/main.c:458:6:HAL_TIM_PeriodElapsedCallback	16	static
../Core/Src/main.c:465:6:HAL_UART_RxCpltCallback	120	static
../Core/Src/main.c:564:6:HAL_UART_ErrorCallback	16	static
../Core/Src/main.c:583:5:main	16	static
../Core/Src/main.c:680:6:SystemClock_Config	88	static
../Core/Src/main.c:727:13:MX_TIM3_Init	32	static
../Core/Src/main.c:772:13:MX_USART1_UART_Init	8	static
../Core/Src/main.c:805:13:MX_USART2_UART_Init	8	static
../Core/Src/main.c:838:13:MX_USART6_UART_Init	8	static
../Core/Src/main.c:869:13:MX_DMA_Init	16	static
../Core/Src/main.c:893:13:MX_GPIO_Init	40	static
../Core/Src/main.c:937:6:Error_Handler	4	static,ignoring_inline_asm
