../Core/Src/main.c:136:5:_write	32	static
../Core/Src/main.c:178:6:UpdateFailsafeStatus	16	static
../Core/Src/main.c:194:6:SetSbusFailsafeStatus	16	static
../Core/Src/main.c:217:6:IsAutonomousControl	16	static
../Core/Src/main.c:227:6:IsDisableSbusOut	16	static
../Core/Src/main.c:237:6:IsValidSbusFrame	16	static
../Core/Src/main.c:252:10:cal_CH_auto_value	24	static
../Core/Src/main.c:260:9:cal_scaled_value	24	static
../Core/Src/main.c:273:6:ChannelToSbus	16	static
../Core/Src/main.c:328:6:SbusToChannel	16	static
../Core/Src/main.c:369:6:test_channel_codec	136	static
../Core/Src/main.c:414:6:test_sbus_codec	128	static
../Core/Src/main.c:460:6:test_crc_data_codec	24	static
../Core/Src/main.c:481:6:HAL_TIM_PeriodElapsedCallback	16	static
../Core/Src/main.c:488:6:HAL_UART_RxCpltCallback	120	static
../Core/Src/main.c:586:6:HAL_UART_TxCpltCallback	16	static
../Core/Src/main.c:599:6:HAL_UART_ErrorCallback	16	static
../Core/Src/main.c:622:5:main	16	static
../Core/Src/main.c:719:6:SystemClock_Config	88	static
../Core/Src/main.c:766:13:MX_TIM3_Init	32	static
../Core/Src/main.c:811:13:MX_USART1_UART_Init	8	static
../Core/Src/main.c:844:13:MX_USART2_UART_Init	8	static
../Core/Src/main.c:877:13:MX_USART6_UART_Init	8	static
../Core/Src/main.c:908:13:MX_DMA_Init	16	static
../Core/Src/main.c:932:13:MX_GPIO_Init	40	static
../Core/Src/main.c:976:6:Error_Handler	4	static,ignoring_inline_asm
