Archive member included to satisfy reference by file (symbol)

d:/application/st/stm32cubeide_1.11.2/stm32cubeide/plugins/com.st.stm32cube.ide.mcu.externaltools.gnu-tools-for-stm32.10.3-2021.10.win32_1.0.100.202210260954/tools/bin/../lib/gcc/arm-none-eabi/10.3.1/../../../../arm-none-eabi/lib/thumb/v7e-m+fp/hard\libc_nano.a(lib_a-errno.o)
                              ./Core/Src/syscalls.o (__errno)
d:/application/st/stm32cubeide_1.11.2/stm32cubeide/plugins/com.st.stm32cube.ide.mcu.externaltools.gnu-tools-for-stm32.10.3-2021.10.win32_1.0.100.202210260954/tools/bin/../lib/gcc/arm-none-eabi/10.3.1/../../../../arm-none-eabi/lib/thumb/v7e-m+fp/hard\libc_nano.a(lib_a-exit.o)
                              d:/application/st/stm32cubeide_1.11.2/stm32cubeide/plugins/com.st.stm32cube.ide.mcu.externaltools.gnu-tools-for-stm32.10.3-2021.10.win32_1.0.100.202210260954/tools/bin/../lib/gcc/arm-none-eabi/10.3.1/../../../../arm-none-eabi/lib/thumb/v7e-m+fp/hard/crt0.o (exit)
d:/application/st/stm32cubeide_1.11.2/stm32cubeide/plugins/com.st.stm32cube.ide.mcu.externaltools.gnu-tools-for-stm32.10.3-2021.10.win32_1.0.100.202210260954/tools/bin/../lib/gcc/arm-none-eabi/10.3.1/../../../../arm-none-eabi/lib/thumb/v7e-m+fp/hard\libc_nano.a(lib_a-impure.o)
                              d:/application/st/stm32cubeide_1.11.2/stm32cubeide/plugins/com.st.stm32cube.ide.mcu.externaltools.gnu-tools-for-stm32.10.3-2021.10.win32_1.0.100.202210260954/tools/bin/../lib/gcc/arm-none-eabi/10.3.1/../../../../arm-none-eabi/lib/thumb/v7e-m+fp/hard\libc_nano.a(lib_a-exit.o) (_global_impure_ptr)
d:/application/st/stm32cubeide_1.11.2/stm32cubeide/plugins/com.st.stm32cube.ide.mcu.externaltools.gnu-tools-for-stm32.10.3-2021.10.win32_1.0.100.202210260954/tools/bin/../lib/gcc/arm-none-eabi/10.3.1/../../../../arm-none-eabi/lib/thumb/v7e-m+fp/hard\libc_nano.a(lib_a-init.o)
                              d:/application/st/stm32cubeide_1.11.2/stm32cubeide/plugins/com.st.stm32cube.ide.mcu.externaltools.gnu-tools-for-stm32.10.3-2021.10.win32_1.0.100.202210260954/tools/bin/../lib/gcc/arm-none-eabi/10.3.1/../../../../arm-none-eabi/lib/thumb/v7e-m+fp/hard/crt0.o (__libc_init_array)
d:/application/st/stm32cubeide_1.11.2/stm32cubeide/plugins/com.st.stm32cube.ide.mcu.externaltools.gnu-tools-for-stm32.10.3-2021.10.win32_1.0.100.202210260954/tools/bin/../lib/gcc/arm-none-eabi/10.3.1/../../../../arm-none-eabi/lib/thumb/v7e-m+fp/hard\libc_nano.a(lib_a-memcpy-stub.o)
                              ./Core/Src/main.o (memcpy)
d:/application/st/stm32cubeide_1.11.2/stm32cubeide/plugins/com.st.stm32cube.ide.mcu.externaltools.gnu-tools-for-stm32.10.3-2021.10.win32_1.0.100.202210260954/tools/bin/../lib/gcc/arm-none-eabi/10.3.1/../../../../arm-none-eabi/lib/thumb/v7e-m+fp/hard\libc_nano.a(lib_a-memset.o)
                              d:/application/st/stm32cubeide_1.11.2/stm32cubeide/plugins/com.st.stm32cube.ide.mcu.externaltools.gnu-tools-for-stm32.10.3-2021.10.win32_1.0.100.202210260954/tools/bin/../lib/gcc/arm-none-eabi/10.3.1/../../../../arm-none-eabi/lib/thumb/v7e-m+fp/hard/crt0.o (memset)
d:/application/st/stm32cubeide_1.11.2/stm32cubeide/plugins/com.st.stm32cube.ide.mcu.externaltools.gnu-tools-for-stm32.10.3-2021.10.win32_1.0.100.202210260954/tools/bin/../lib/gcc/arm-none-eabi/10.3.1/thumb/v7e-m+fp/hard\libgcc.a(_aeabi_ldivmod.o)
                              ./Drivers/STM32F4xx_HAL_Driver/Src/stm32f4xx_hal_rcc.o (__aeabi_ldivmod)
d:/application/st/stm32cubeide_1.11.2/stm32cubeide/plugins/com.st.stm32cube.ide.mcu.externaltools.gnu-tools-for-stm32.10.3-2021.10.win32_1.0.100.202210260954/tools/bin/../lib/gcc/arm-none-eabi/10.3.1/thumb/v7e-m+fp/hard\libgcc.a(_aeabi_uldivmod.o)
                              ./Drivers/STM32F4xx_HAL_Driver/Src/stm32f4xx_hal_rcc.o (__aeabi_uldivmod)
d:/application/st/stm32cubeide_1.11.2/stm32cubeide/plugins/com.st.stm32cube.ide.mcu.externaltools.gnu-tools-for-stm32.10.3-2021.10.win32_1.0.100.202210260954/tools/bin/../lib/gcc/arm-none-eabi/10.3.1/thumb/v7e-m+fp/hard\libgcc.a(_udivmoddi4.o)
                              d:/application/st/stm32cubeide_1.11.2/stm32cubeide/plugins/com.st.stm32cube.ide.mcu.externaltools.gnu-tools-for-stm32.10.3-2021.10.win32_1.0.100.202210260954/tools/bin/../lib/gcc/arm-none-eabi/10.3.1/thumb/v7e-m+fp/hard\libgcc.a(_aeabi_ldivmod.o) (__udivmoddi4)
d:/application/st/stm32cubeide_1.11.2/stm32cubeide/plugins/com.st.stm32cube.ide.mcu.externaltools.gnu-tools-for-stm32.10.3-2021.10.win32_1.0.100.202210260954/tools/bin/../lib/gcc/arm-none-eabi/10.3.1/thumb/v7e-m+fp/hard\libgcc.a(_dvmd_tls.o)
                              d:/application/st/stm32cubeide_1.11.2/stm32cubeide/plugins/com.st.stm32cube.ide.mcu.externaltools.gnu-tools-for-stm32.10.3-2021.10.win32_1.0.100.202210260954/tools/bin/../lib/gcc/arm-none-eabi/10.3.1/thumb/v7e-m+fp/hard\libgcc.a(_aeabi_ldivmod.o) (__aeabi_ldiv0)

Discarded input sections

[...]
Memory Configuration

Name             Origin             Length             Attributes
RAM              0x0000000020000000 0x0000000000020000 xrw
FLASH            0x0000000008000000 0x0000000000080000 xr
*default*        0x0000000000000000 0xffffffffffffffff

Linker script and memory map

LOAD d:/application/st/stm32cubeide_1.11.2/stm32cubeide/plugins/com.st.stm32cube.ide.mcu.externaltools.gnu-tools-for-stm32.10.3-2021.10.win32_1.0.100.202210260954/tools/bin/../lib/gcc/arm-none-eabi/10.3.1/thumb/v7e-m+fp/hard/crti.o
LOAD d:/application/st/stm32cubeide_1.11.2/stm32cubeide/plugins/com.st.stm32cube.ide.mcu.externaltools.gnu-tools-for-stm32.10.3-2021.10.win32_1.0.100.202210260954/tools/bin/../lib/gcc/arm-none-eabi/10.3.1/thumb/v7e-m+fp/hard/crtbegin.o
LOAD d:/application/st/stm32cubeide_1.11.2/stm32cubeide/plugins/com.st.stm32cube.ide.mcu.externaltools.gnu-tools-for-stm32.10.3-2021.10.win32_1.0.100.202210260954/tools/bin/../lib/gcc/arm-none-eabi/10.3.1/../../../../arm-none-eabi/lib/thumb/v7e-m+fp/hard/crt0.o
LOAD ./Core/Src/crc.o
LOAD ./Core/Src/main.o
LOAD ./Core/Src/stm32f4xx_hal_msp.o
LOAD ./Core/Src/stm32f4xx_it.o
LOAD ./Core/Src/syscalls.o
LOAD ./Core/Src/sysmem.o
LOAD ./Core/Src/system_stm32f4xx.o
LOAD ./Core/Startup/startup_stm32f411ceux.o
LOAD ./Drivers/STM32F4xx_HAL_Driver/Src/stm32f4xx_hal.o
LOAD ./Drivers/STM32F4xx_HAL_Driver/Src/stm32f4xx_hal_cortex.o
LOAD ./Drivers/STM32F4xx_HAL_Driver/Src/stm32f4xx_hal_dma.o
LOAD ./Drivers/STM32F4xx_HAL_Driver/Src/stm32f4xx_hal_dma_ex.o
LOAD ./Drivers/STM32F4xx_HAL_Driver/Src/stm32f4xx_hal_exti.o
LOAD ./Drivers/STM32F4xx_HAL_Driver/Src/stm32f4xx_hal_flash.o
LOAD ./Drivers/STM32F4xx_HAL_Driver/Src/stm32f4xx_hal_flash_ex.o
LOAD ./Drivers/STM32F4xx_HAL_Driver/Src/stm32f4xx_hal_flash_ramfunc.o
LOAD ./Drivers/STM32F4xx_HAL_Driver/Src/stm32f4xx_hal_gpio.o
LOAD ./Drivers/STM32F4xx_HAL_Driver/Src/stm32f4xx_hal_pwr.o
LOAD ./Drivers/STM32F4xx_HAL_Driver/Src/stm32f4xx_hal_pwr_ex.o
LOAD ./Drivers/STM32F4xx_HAL_Driver/Src/stm32f4xx_hal_rcc.o
LOAD ./Drivers/STM32F4xx_HAL_Driver/Src/stm32f4xx_hal_rcc_ex.o
LOAD ./Drivers/STM32F4xx_HAL_Driver/Src/stm32f4xx_hal_tim.o
LOAD ./Drivers/STM32F4xx_HAL_Driver/Src/stm32f4xx_hal_tim_ex.o
LOAD ./Drivers/STM32F4xx_HAL_Driver/Src/stm32f4xx_hal_uart.o
START GROUP
LOAD d:/application/st/stm32cubeide_1.11.2/stm32cubeide/plugins/com.st.stm32cube.ide.mcu.externaltools.gnu-tools-for-stm32.10.3-2021.10.win32_1.0.100.202210260954/tools/bin/../lib/gcc/arm-none-eabi/10.3.1/../../../../arm-none-eabi/lib/thumb/v7e-m+fp/hard\libc_nano.a
LOAD d:/application/st/stm32cubeide_1.11.2/stm32cubeide/plugins/com.st.stm32cube.ide.mcu.externaltools.gnu-tools-for-stm32.10.3-2021.10.win32_1.0.100.202210260954/tools/bin/../lib/gcc/arm-none-eabi/10.3.1/../../../../arm-none-eabi/lib/thumb/v7e-m+fp/hard\libm.a
END GROUP
START GROUP
LOAD d:/application/st/stm32cubeide_1.11.2/stm32cubeide/plugins/com.st.stm32cube.ide.mcu.externaltools.gnu-tools-for-stm32.10.3-2021.10.win32_1.0.100.202210260954/tools/bin/../lib/gcc/arm-none-eabi/10.3.1/thumb/v7e-m+fp/hard\libgcc.a
LOAD d:/application/st/stm32cubeide_1.11.2/stm32cubeide/plugins/com.st.stm32cube.ide.mcu.externaltools.gnu-tools-for-stm32.10.3-2021.10.win32_1.0.100.202210260954/tools/bin/../lib/gcc/arm-none-eabi/10.3.1/../../../../arm-none-eabi/lib/thumb/v7e-m+fp/hard\libc_nano.a
END GROUP
START GROUP
LOAD d:/application/st/stm32cubeide_1.11.2/stm32cubeide/plugins/com.st.stm32cube.ide.mcu.externaltools.gnu-tools-for-stm32.10.3-2021.10.win32_1.0.100.202210260954/tools/bin/../lib/gcc/arm-none-eabi/10.3.1/thumb/v7e-m+fp/hard\libgcc.a
LOAD d:/application/st/stm32cubeide_1.11.2/stm32cubeide/plugins/com.st.stm32cube.ide.mcu.externaltools.gnu-tools-for-stm32.10.3-2021.10.win32_1.0.100.202210260954/tools/bin/../lib/gcc/arm-none-eabi/10.3.1/../../../../arm-none-eabi/lib/thumb/v7e-m+fp/hard\libc_nano.a
LOAD d:/application/st/stm32cubeide_1.11.2/stm32cubeide/plugins/com.st.stm32cube.ide.mcu.externaltools.gnu-tools-for-stm32.10.3-2021.10.win32_1.0.100.202210260954/tools/bin/../lib/gcc/arm-none-eabi/10.3.1/../../../../arm-none-eabi/lib/thumb/v7e-m+fp/hard\libnosys.a
END GROUP
START GROUP
LOAD d:/application/st/stm32cubeide_1.11.2/stm32cubeide/plugins/com.st.stm32cube.ide.mcu.externaltools.gnu-tools-for-stm32.10.3-2021.10.win32_1.0.100.202210260954/tools/bin/../lib/gcc/arm-none-eabi/10.3.1/thumb/v7e-m+fp/hard\libgcc.a
LOAD d:/application/st/stm32cubeide_1.11.2/stm32cubeide/plugins/com.st.stm32cube.ide.mcu.externaltools.gnu-tools-for-stm32.10.3-2021.10.win32_1.0.100.202210260954/tools/bin/../lib/gcc/arm-none-eabi/10.3.1/../../../../arm-none-eabi/lib/thumb/v7e-m+fp/hard\libc_nano.a
LOAD d:/application/st/stm32cubeide_1.11.2/stm32cubeide/plugins/com.st.stm32cube.ide.mcu.externaltools.gnu-tools-for-stm32.10.3-2021.10.win32_1.0.100.202210260954/tools/bin/../lib/gcc/arm-none-eabi/10.3.1/../../../../arm-none-eabi/lib/thumb/v7e-m+fp/hard\libnosys.a
END GROUP
LOAD d:/application/st/stm32cubeide_1.11.2/stm32cubeide/plugins/com.st.stm32cube.ide.mcu.externaltools.gnu-tools-for-stm32.10.3-2021.10.win32_1.0.100.202210260954/tools/bin/../lib/gcc/arm-none-eabi/10.3.1/thumb/v7e-m+fp/hard/crtend.o
LOAD d:/application/st/stm32cubeide_1.11.2/stm32cubeide/plugins/com.st.stm32cube.ide.mcu.externaltools.gnu-tools-for-stm32.10.3-2021.10.win32_1.0.100.202210260954/tools/bin/../lib/gcc/arm-none-eabi/10.3.1/thumb/v7e-m+fp/hard/crtn.o
                0x0000000020020000                _estack = (ORIGIN (RAM) + LENGTH (RAM))
                0x0000000000000200                _Min_Heap_Size = 0x200
                0x0000000000000400                _Min_Stack_Size = 0x400

.isr_vector     0x0000000008000000      0x198
                0x0000000008000000                . = ALIGN (0x4)
 *(.isr_vector)
 .isr_vector    0x0000000008000000      0x198 ./Core/Startup/startup_stm32f411ceux.o
                0x0000000008000000                g_pfnVectors
                0x0000000008000198                . = ALIGN (0x4)

.text           0x0000000008000198     0x2518
                0x0000000008000198                . = ALIGN (0x4)
 *(.text)
 .text          0x0000000008000198       0x40 d:/application/st/stm32cubeide_1.11.2/stm32cubeide/plugins/com.st.stm32cube.ide.mcu.externaltools.gnu-tools-for-stm32.10.3-2021.10.win32_1.0.100.202210260954/tools/bin/../lib/gcc/arm-none-eabi/10.3.1/thumb/v7e-m+fp/hard/crtbegin.o
 .text          0x00000000080001d8       0x30 d:/application/st/stm32cubeide_1.11.2/stm32cubeide/plugins/com.st.stm32cube.ide.mcu.externaltools.gnu-tools-for-stm32.10.3-2021.10.win32_1.0.100.202210260954/tools/bin/../lib/gcc/arm-none-eabi/10.3.1/thumb/v7e-m+fp/hard\libgcc.a(_aeabi_uldivmod.o)
                0x00000000080001d8                __aeabi_uldivmod
 .text          0x0000000008000208      0x2d0 d:/application/st/stm32cubeide_1.11.2/stm32cubeide/plugins/com.st.stm32cube.ide.mcu.externaltools.gnu-tools-for-stm32.10.3-2021.10.win32_1.0.100.202210260954/tools/bin/../lib/gcc/arm-none-eabi/10.3.1/thumb/v7e-m+fp/hard\libgcc.a(_udivmoddi4.o)
                0x0000000008000208                __udivmoddi4
 .text          0x00000000080004d8        0x4 d:/application/st/stm32cubeide_1.11.2/stm32cubeide/plugins/com.st.stm32cube.ide.mcu.externaltools.gnu-tools-for-stm32.10.3-2021.10.win32_1.0.100.202210260954/tools/bin/../lib/gcc/arm-none-eabi/10.3.1/thumb/v7e-m+fp/hard\libgcc.a(_dvmd_tls.o)
                0x00000000080004d8                __aeabi_idiv0
                0x00000000080004d8                __aeabi_ldiv0
 *(.text*)
 .text.calculate_crc16
                0x00000000080004dc       0x2c ./Core/Src/crc.o
                0x00000000080004dc                calculate_crc16
 .text.HAL_TIM_PeriodElapsedCallback
                0x0000000008000508       0x28 ./Core/Src/main.o
                0x0000000008000508                HAL_TIM_PeriodElapsedCallback
 .text.HAL_UART_RxCpltCallback
                0x0000000008000530      0x278 ./Core/Src/main.o
                0x0000000008000530                HAL_UART_RxCpltCallback
 .text.SystemClock_Config
                0x00000000080007a8       0x9c ./Core/Src/main.o
                0x00000000080007a8                SystemClock_Config
 .text.startup.main
                0x0000000008000844      0x290 ./Core/Src/main.o
                0x0000000008000844                main
 .text.Error_Handler
                0x0000000008000ad4        0x4 ./Core/Src/main.o
                0x0000000008000ad4                Error_Handler
 .text.HAL_MspInit
                0x0000000008000ad8       0x38 ./Core/Src/stm32f4xx_hal_msp.o
                0x0000000008000ad8                HAL_MspInit
 .text.HAL_TIM_Base_MspInit
                0x0000000008000b10       0x44 ./Core/Src/stm32f4xx_hal_msp.o
                0x0000000008000b10                HAL_TIM_Base_MspInit
 .text.HAL_UART_MspInit
                0x0000000008000b54      0x10c ./Core/Src/stm32f4xx_hal_msp.o
                0x0000000008000b54                HAL_UART_MspInit
 .text.NMI_Handler
                0x0000000008000c60        0x2 ./Core/Src/stm32f4xx_it.o
                0x0000000008000c60                NMI_Handler
 .text.HardFault_Handler
                0x0000000008000c62        0x2 ./Core/Src/stm32f4xx_it.o
                0x0000000008000c62                HardFault_Handler
 .text.MemManage_Handler
                0x0000000008000c64        0x2 ./Core/Src/stm32f4xx_it.o
                0x0000000008000c64                MemManage_Handler
 .text.BusFault_Handler
                0x0000000008000c66        0x2 ./Core/Src/stm32f4xx_it.o
                0x0000000008000c66                BusFault_Handler
 .text.UsageFault_Handler
                0x0000000008000c68        0x2 ./Core/Src/stm32f4xx_it.o
                0x0000000008000c68                UsageFault_Handler
 .text.SVC_Handler
                0x0000000008000c6a        0x2 ./Core/Src/stm32f4xx_it.o
                0x0000000008000c6a                SVC_Handler
 .text.DebugMon_Handler
                0x0000000008000c6c        0x2 ./Core/Src/stm32f4xx_it.o
                0x0000000008000c6c                DebugMon_Handler
 .text.PendSV_Handler
                0x0000000008000c6e        0x2 ./Core/Src/stm32f4xx_it.o
                0x0000000008000c6e                PendSV_Handler
 .text.SysTick_Handler
                0x0000000008000c70        0x4 ./Core/Src/stm32f4xx_it.o
                0x0000000008000c70                SysTick_Handler
 .text.TIM3_IRQHandler
                0x0000000008000c74        0xc ./Core/Src/stm32f4xx_it.o
                0x0000000008000c74                TIM3_IRQHandler
 .text.USART2_IRQHandler
                0x0000000008000c80        0xc ./Core/Src/stm32f4xx_it.o
                0x0000000008000c80                USART2_IRQHandler
 .text.DMA2_Stream1_IRQHandler
                0x0000000008000c8c        0xc ./Core/Src/stm32f4xx_it.o
                0x0000000008000c8c                DMA2_Stream1_IRQHandler
 .text.SystemInit
                0x0000000008000c98       0x14 ./Core/Src/system_stm32f4xx.o
                0x0000000008000c98                SystemInit
 .text.Reset_Handler
                0x0000000008000cac       0x50 ./Core/Startup/startup_stm32f411ceux.o
                0x0000000008000cac                Reset_Handler
 .text.Default_Handler
                0x0000000008000cfc        0x2 ./Core/Startup/startup_stm32f411ceux.o
                0x0000000008000cfc                RTC_Alarm_IRQHandler
                0x0000000008000cfc                EXTI2_IRQHandler
                0x0000000008000cfc                SPI4_IRQHandler
                0x0000000008000cfc                TIM1_CC_IRQHandler
                0x0000000008000cfc                DMA2_Stream5_IRQHandler
                0x0000000008000cfc                DMA1_Stream5_IRQHandler
                0x0000000008000cfc                PVD_IRQHandler
                0x0000000008000cfc                SDIO_IRQHandler
                0x0000000008000cfc                TAMP_STAMP_IRQHandler
                0x0000000008000cfc                EXTI3_IRQHandler
                0x0000000008000cfc                TIM1_UP_TIM10_IRQHandler
                0x0000000008000cfc                I2C3_ER_IRQHandler
                0x0000000008000cfc                EXTI0_IRQHandler
                0x0000000008000cfc                I2C2_EV_IRQHandler
                0x0000000008000cfc                DMA1_Stream2_IRQHandler
                0x0000000008000cfc                FPU_IRQHandler
                0x0000000008000cfc                DMA2_Stream2_IRQHandler
                0x0000000008000cfc                SPI1_IRQHandler
                0x0000000008000cfc                TIM1_BRK_TIM9_IRQHandler
                0x0000000008000cfc                DMA2_Stream3_IRQHandler
                0x0000000008000cfc                USART6_IRQHandler
                0x0000000008000cfc                DMA2_Stream0_IRQHandler
                0x0000000008000cfc                TIM4_IRQHandler
                0x0000000008000cfc                I2C1_EV_IRQHandler
                0x0000000008000cfc                DMA1_Stream6_IRQHandler
                0x0000000008000cfc                DMA1_Stream1_IRQHandler
                0x0000000008000cfc                RCC_IRQHandler
                0x0000000008000cfc                Default_Handler
                0x0000000008000cfc                EXTI15_10_IRQHandler
                0x0000000008000cfc                ADC_IRQHandler
                0x0000000008000cfc                DMA1_Stream7_IRQHandler
                0x0000000008000cfc                SPI5_IRQHandler
                0x0000000008000cfc                TIM5_IRQHandler
                0x0000000008000cfc                DMA2_Stream7_IRQHandler
                0x0000000008000cfc                I2C3_EV_IRQHandler
                0x0000000008000cfc                EXTI9_5_IRQHandler
                0x0000000008000cfc                RTC_WKUP_IRQHandler
                0x0000000008000cfc                SPI2_IRQHandler
                0x0000000008000cfc                DMA1_Stream0_IRQHandler
                0x0000000008000cfc                EXTI4_IRQHandler
                0x0000000008000cfc                WWDG_IRQHandler
                0x0000000008000cfc                TIM2_IRQHandler
                0x0000000008000cfc                OTG_FS_WKUP_IRQHandler
                0x0000000008000cfc                TIM1_TRG_COM_TIM11_IRQHandler
                0x0000000008000cfc                EXTI1_IRQHandler
                0x0000000008000cfc                I2C2_ER_IRQHandler
                0x0000000008000cfc                FLASH_IRQHandler
                0x0000000008000cfc                DMA2_Stream4_IRQHandler
                0x0000000008000cfc                USART1_IRQHandler
                0x0000000008000cfc                OTG_FS_IRQHandler
                0x0000000008000cfc                SPI3_IRQHandler
                0x0000000008000cfc                DMA1_Stream4_IRQHandler
                0x0000000008000cfc                I2C1_ER_IRQHandler
                0x0000000008000cfc                DMA2_Stream6_IRQHandler
                0x0000000008000cfc                DMA1_Stream3_IRQHandler
 *fill*         0x0000000008000cfe        0x2 
 .text.HAL_InitTick
                0x0000000008000d00       0x48 ./Drivers/STM32F4xx_HAL_Driver/Src/stm32f4xx_hal.o
                0x0000000008000d00                HAL_InitTick
 .text.HAL_Init
                0x0000000008000d48       0x34 ./Drivers/STM32F4xx_HAL_Driver/Src/stm32f4xx_hal.o
                0x0000000008000d48                HAL_Init
 .text.HAL_IncTick
                0x0000000008000d7c       0x18 ./Drivers/STM32F4xx_HAL_Driver/Src/stm32f4xx_hal.o
                0x0000000008000d7c                HAL_IncTick
 .text.HAL_GetTick
                0x0000000008000d94        0xc ./Drivers/STM32F4xx_HAL_Driver/Src/stm32f4xx_hal.o
                0x0000000008000d94                HAL_GetTick
 .text.HAL_NVIC_SetPriorityGrouping
                0x0000000008000da0       0x24 ./Drivers/STM32F4xx_HAL_Driver/Src/stm32f4xx_hal_cortex.o
                0x0000000008000da0                HAL_NVIC_SetPriorityGrouping
 .text.HAL_NVIC_SetPriority
                0x0000000008000dc4       0x64 ./Drivers/STM32F4xx_HAL_Driver/Src/stm32f4xx_hal_cortex.o
                0x0000000008000dc4                HAL_NVIC_SetPriority
 .text.HAL_NVIC_EnableIRQ
                0x0000000008000e28       0x1c ./Drivers/STM32F4xx_HAL_Driver/Src/stm32f4xx_hal_cortex.o
                0x0000000008000e28                HAL_NVIC_EnableIRQ
 .text.HAL_SYSTICK_Config
                0x0000000008000e44       0x28 ./Drivers/STM32F4xx_HAL_Driver/Src/stm32f4xx_hal_cortex.o
                0x0000000008000e44                HAL_SYSTICK_Config
 .text.DMA_CalcBaseAndBitshift
                0x0000000008000e6c       0x2c ./Drivers/STM32F4xx_HAL_Driver/Src/stm32f4xx_hal_dma.o
 .text.HAL_DMA_Init
                0x0000000008000e98      0x100 ./Drivers/STM32F4xx_HAL_Driver/Src/stm32f4xx_hal_dma.o
                0x0000000008000e98                HAL_DMA_Init
 .text.HAL_DMA_Start_IT
                0x0000000008000f98       0x74 ./Drivers/STM32F4xx_HAL_Driver/Src/stm32f4xx_hal_dma.o
                0x0000000008000f98                HAL_DMA_Start_IT
 .text.HAL_DMA_Abort
                0x000000000800100c       0x88 ./Drivers/STM32F4xx_HAL_Driver/Src/stm32f4xx_hal_dma.o
                0x000000000800100c                HAL_DMA_Abort
 .text.HAL_DMA_Abort_IT
                0x0000000008001094       0x24 ./Drivers/STM32F4xx_HAL_Driver/Src/stm32f4xx_hal_dma.o
                0x0000000008001094                HAL_DMA_Abort_IT
 .text.HAL_DMA_IRQHandler
                0x00000000080010b8      0x17c ./Drivers/STM32F4xx_HAL_Driver/Src/stm32f4xx_hal_dma.o
                0x00000000080010b8                HAL_DMA_IRQHandler
 .text.HAL_DMA_GetError
                0x0000000008001234        0x4 ./Drivers/STM32F4xx_HAL_Driver/Src/stm32f4xx_hal_dma.o
                0x0000000008001234                HAL_DMA_GetError
 .text.HAL_GPIO_Init
                0x0000000008001238      0x190 ./Drivers/STM32F4xx_HAL_Driver/Src/stm32f4xx_hal_gpio.o
                0x0000000008001238                HAL_GPIO_Init
 .text.HAL_GPIO_WritePin
                0x00000000080013c8        0xa ./Drivers/STM32F4xx_HAL_Driver/Src/stm32f4xx_hal_gpio.o
                0x00000000080013c8                HAL_GPIO_WritePin
 .text.HAL_GPIO_TogglePin
                0x00000000080013d2       0x12 ./Drivers/STM32F4xx_HAL_Driver/Src/stm32f4xx_hal_gpio.o
                0x00000000080013d2                HAL_GPIO_TogglePin
 .text.HAL_RCC_OscConfig
                0x00000000080013e4      0x360 ./Drivers/STM32F4xx_HAL_Driver/Src/stm32f4xx_hal_rcc.o
                0x00000000080013e4                HAL_RCC_OscConfig
 .text.HAL_RCC_GetSysClockFreq
                0x0000000008001744       0x5c ./Drivers/STM32F4xx_HAL_Driver/Src/stm32f4xx_hal_rcc.o
                0x0000000008001744                HAL_RCC_GetSysClockFreq
 .text.HAL_RCC_ClockConfig
                0x00000000080017a0      0x138 ./Drivers/STM32F4xx_HAL_Driver/Src/stm32f4xx_hal_rcc.o
                0x00000000080017a0                HAL_RCC_ClockConfig
 .text.HAL_RCC_GetPCLK1Freq
                0x00000000080018d8       0x20 ./Drivers/STM32F4xx_HAL_Driver/Src/stm32f4xx_hal_rcc.o
                0x00000000080018d8                HAL_RCC_GetPCLK1Freq
 .text.HAL_RCC_GetPCLK2Freq
                0x00000000080018f8       0x20 ./Drivers/STM32F4xx_HAL_Driver/Src/stm32f4xx_hal_rcc.o
                0x00000000080018f8                HAL_RCC_GetPCLK2Freq
 .text.HAL_TIM_Base_Start_IT
                0x0000000008001918       0x64 ./Drivers/STM32F4xx_HAL_Driver/Src/stm32f4xx_hal_tim.o
                0x0000000008001918                HAL_TIM_Base_Start_IT
 .text.HAL_TIM_OC_DelayElapsedCallback
                0x000000000800197c        0x2 ./Drivers/STM32F4xx_HAL_Driver/Src/stm32f4xx_hal_tim.o
                0x000000000800197c                HAL_TIM_OC_DelayElapsedCallback
 .text.HAL_TIM_IC_CaptureCallback
                0x000000000800197e        0x2 ./Drivers/STM32F4xx_HAL_Driver/Src/stm32f4xx_hal_tim.o
                0x000000000800197e                HAL_TIM_IC_CaptureCallback
 .text.HAL_TIM_PWM_PulseFinishedCallback
                0x0000000008001980        0x2 ./Drivers/STM32F4xx_HAL_Driver/Src/stm32f4xx_hal_tim.o
                0x0000000008001980                HAL_TIM_PWM_PulseFinishedCallback
 .text.HAL_TIM_TriggerCallback
                0x0000000008001982        0x2 ./Drivers/STM32F4xx_HAL_Driver/Src/stm32f4xx_hal_tim.o
                0x0000000008001982                HAL_TIM_TriggerCallback
 .text.HAL_TIM_IRQHandler
                0x0000000008001984      0x144 ./Drivers/STM32F4xx_HAL_Driver/Src/stm32f4xx_hal_tim.o
                0x0000000008001984                HAL_TIM_IRQHandler
 .text.TIM_Base_SetConfig
                0x0000000008001ac8       0x9c ./Drivers/STM32F4xx_HAL_Driver/Src/stm32f4xx_hal_tim.o
                0x0000000008001ac8                TIM_Base_SetConfig
 .text.HAL_TIM_Base_Init
                0x0000000008001b64       0x58 ./Drivers/STM32F4xx_HAL_Driver/Src/stm32f4xx_hal_tim.o
                0x0000000008001b64                HAL_TIM_Base_Init
 .text.TIM_ETR_SetConfig
                0x0000000008001bbc       0x14 ./Drivers/STM32F4xx_HAL_Driver/Src/stm32f4xx_hal_tim.o
                0x0000000008001bbc                TIM_ETR_SetConfig
 .text.HAL_TIM_ConfigClockSource
                0x0000000008001bd0      0x138 ./Drivers/STM32F4xx_HAL_Driver/Src/stm32f4xx_hal_tim.o
                0x0000000008001bd0                HAL_TIM_ConfigClockSource
 .text.HAL_TIMEx_MasterConfigSynchronization
                0x0000000008001d08       0x6c ./Drivers/STM32F4xx_HAL_Driver/Src/stm32f4xx_hal_tim_ex.o
                0x0000000008001d08                HAL_TIMEx_MasterConfigSynchronization
 .text.HAL_TIMEx_CommutCallback
                0x0000000008001d74        0x2 ./Drivers/STM32F4xx_HAL_Driver/Src/stm32f4xx_hal_tim_ex.o
                0x0000000008001d74                HAL_TIMEx_CommutCallback
 .text.HAL_TIMEx_BreakCallback
                0x0000000008001d76        0x2 ./Drivers/STM32F4xx_HAL_Driver/Src/stm32f4xx_hal_tim_ex.o
                0x0000000008001d76                HAL_TIMEx_BreakCallback
 .text.UART_EndRxTransfer
                0x0000000008001d78       0x5c ./Drivers/STM32F4xx_HAL_Driver/Src/stm32f4xx_hal_uart.o
 .text.UART_SetConfig
                0x0000000008001dd4       0xbc ./Drivers/STM32F4xx_HAL_Driver/Src/stm32f4xx_hal_uart.o
 .text.UART_WaitOnFlagUntilTimeout.constprop.0
                0x0000000008001e90       0x6c ./Drivers/STM32F4xx_HAL_Driver/Src/stm32f4xx_hal_uart.o
 .text.HAL_UART_Init
                0x0000000008001efc       0x5c ./Drivers/STM32F4xx_HAL_Driver/Src/stm32f4xx_hal_uart.o
                0x0000000008001efc                HAL_UART_Init
 .text.HAL_UART_Transmit
                0x0000000008001f58       0xaa ./Drivers/STM32F4xx_HAL_Driver/Src/stm32f4xx_hal_uart.o
                0x0000000008001f58                HAL_UART_Transmit
 .text.HAL_UART_AbortReceive
                0x0000000008002002       0x9e ./Drivers/STM32F4xx_HAL_Driver/Src/stm32f4xx_hal_uart.o
                0x0000000008002002                HAL_UART_AbortReceive
 .text.HAL_UART_TxCpltCallback
                0x00000000080020a0        0x2 ./Drivers/STM32F4xx_HAL_Driver/Src/stm32f4xx_hal_uart.o
                0x00000000080020a0                HAL_UART_TxCpltCallback
 .text.HAL_UART_RxHalfCpltCallback
                0x00000000080020a2        0x2 ./Drivers/STM32F4xx_HAL_Driver/Src/stm32f4xx_hal_uart.o
                0x00000000080020a2                HAL_UART_RxHalfCpltCallback
 .text.HAL_UART_ErrorCallback
                0x00000000080020a4        0x2 ./Drivers/STM32F4xx_HAL_Driver/Src/stm32f4xx_hal_uart.o
                0x00000000080020a4                HAL_UART_ErrorCallback
 .text.UART_DMAError
                0x00000000080020a6       0x5a ./Drivers/STM32F4xx_HAL_Driver/Src/stm32f4xx_hal_uart.o
 .text.UART_DMAAbortOnError
                0x0000000008002100       0x10 ./Drivers/STM32F4xx_HAL_Driver/Src/stm32f4xx_hal_uart.o
 .text.HAL_UARTEx_RxEventCallback
                0x0000000008002110        0x2 ./Drivers/STM32F4xx_HAL_Driver/Src/stm32f4xx_hal_uart.o
                0x0000000008002110                HAL_UARTEx_RxEventCallback
 .text.UART_DMARxHalfCplt
                0x0000000008002112       0x1a ./Drivers/STM32F4xx_HAL_Driver/Src/stm32f4xx_hal_uart.o
 .text.UART_DMAReceiveCplt
                0x000000000800212c       0x94 ./Drivers/STM32F4xx_HAL_Driver/Src/stm32f4xx_hal_uart.o
 .text.UART_Receive_IT.part.0.isra.0
                0x00000000080021c0       0xac ./Drivers/STM32F4xx_HAL_Driver/Src/stm32f4xx_hal_uart.o
 .text.HAL_UART_IRQHandler
                0x000000000800226c      0x2a0 ./Drivers/STM32F4xx_HAL_Driver/Src/stm32f4xx_hal_uart.o
                0x000000000800226c                HAL_UART_IRQHandler
 .text.UART_Start_Receive_IT
                0x000000000800250c       0x36 ./Drivers/STM32F4xx_HAL_Driver/Src/stm32f4xx_hal_uart.o
                0x000000000800250c                UART_Start_Receive_IT
 .text.HAL_UART_Receive_IT
                0x0000000008002542       0x30 ./Drivers/STM32F4xx_HAL_Driver/Src/stm32f4xx_hal_uart.o
                0x0000000008002542                HAL_UART_Receive_IT
 *fill*         0x0000000008002572        0x2 
 .text.UART_Start_Receive_DMA
                0x0000000008002574       0x9c ./Drivers/STM32F4xx_HAL_Driver/Src/stm32f4xx_hal_uart.o
                0x0000000008002574                UART_Start_Receive_DMA
 .text.HAL_UART_Receive_DMA
                0x0000000008002610       0x30 ./Drivers/STM32F4xx_HAL_Driver/Src/stm32f4xx_hal_uart.o
                0x0000000008002610                HAL_UART_Receive_DMA
 .text.__libc_init_array
                0x0000000008002640       0x48 d:/application/st/stm32cubeide_1.11.2/stm32cubeide/plugins/com.st.stm32cube.ide.mcu.externaltools.gnu-tools-for-stm32.10.3-2021.10.win32_1.0.100.202210260954/tools/bin/../lib/gcc/arm-none-eabi/10.3.1/../../../../arm-none-eabi/lib/thumb/v7e-m+fp/hard\libc_nano.a(lib_a-init.o)
                0x0000000008002640                __libc_init_array
 .text.memset   0x0000000008002688       0x10 d:/application/st/stm32cubeide_1.11.2/stm32cubeide/plugins/com.st.stm32cube.ide.mcu.externaltools.gnu-tools-for-stm32.10.3-2021.10.win32_1.0.100.202210260954/tools/bin/../lib/gcc/arm-none-eabi/10.3.1/../../../../arm-none-eabi/lib/thumb/v7e-m+fp/hard\libc_nano.a(lib_a-memset.o)
                0x0000000008002688                memset
 *(.glue_7)
 .glue_7        0x0000000008002698        0x0 linker stubs
 *(.glue_7t)
 .glue_7t       0x0000000008002698        0x0 linker stubs
 *(.eh_frame)
 .eh_frame      0x0000000008002698        0x0 d:/application/st/stm32cubeide_1.11.2/stm32cubeide/plugins/com.st.stm32cube.ide.mcu.externaltools.gnu-tools-for-stm32.10.3-2021.10.win32_1.0.100.202210260954/tools/bin/../lib/gcc/arm-none-eabi/10.3.1/thumb/v7e-m+fp/hard/crtbegin.o
 *(.init)
 .init          0x0000000008002698        0x4 d:/application/st/stm32cubeide_1.11.2/stm32cubeide/plugins/com.st.stm32cube.ide.mcu.externaltools.gnu-tools-for-stm32.10.3-2021.10.win32_1.0.100.202210260954/tools/bin/../lib/gcc/arm-none-eabi/10.3.1/thumb/v7e-m+fp/hard/crti.o
                0x0000000008002698                _init
 .init          0x000000000800269c        0x8 d:/application/st/stm32cubeide_1.11.2/stm32cubeide/plugins/com.st.stm32cube.ide.mcu.externaltools.gnu-tools-for-stm32.10.3-2021.10.win32_1.0.100.202210260954/tools/bin/../lib/gcc/arm-none-eabi/10.3.1/thumb/v7e-m+fp/hard/crtn.o
 *(.fini)
 .fini          0x00000000080026a4        0x4 d:/application/st/stm32cubeide_1.11.2/stm32cubeide/plugins/com.st.stm32cube.ide.mcu.externaltools.gnu-tools-for-stm32.10.3-2021.10.win32_1.0.100.202210260954/tools/bin/../lib/gcc/arm-none-eabi/10.3.1/thumb/v7e-m+fp/hard/crti.o
                0x00000000080026a4                _fini
 .fini          0x00000000080026a8        0x8 d:/application/st/stm32cubeide_1.11.2/stm32cubeide/plugins/com.st.stm32cube.ide.mcu.externaltools.gnu-tools-for-stm32.10.3-2021.10.win32_1.0.100.202210260954/tools/bin/../lib/gcc/arm-none-eabi/10.3.1/thumb/v7e-m+fp/hard/crtn.o
                0x00000000080026b0                . = ALIGN (0x4)
                0x00000000080026b0                _etext = .

.vfp11_veneer   0x00000000080026b0        0x0
 .vfp11_veneer  0x00000000080026b0        0x0 linker stubs

.v4_bx          0x00000000080026b0        0x0
 .v4_bx         0x00000000080026b0        0x0 linker stubs

.iplt           0x00000000080026b0        0x0
 .iplt          0x00000000080026b0        0x0 d:/application/st/stm32cubeide_1.11.2/stm32cubeide/plugins/com.st.stm32cube.ide.mcu.externaltools.gnu-tools-for-stm32.10.3-2021.10.win32_1.0.100.202210260954/tools/bin/../lib/gcc/arm-none-eabi/10.3.1/thumb/v7e-m+fp/hard/crtbegin.o

.rodata         0x00000000080026b0      0x220
                0x00000000080026b0                . = ALIGN (0x4)
 *(.rodata)
 *(.rodata*)
 .rodata.aucCRCHi
                0x00000000080026b0      0x100 ./Core/Src/crc.o
 .rodata.aucCRCLo
                0x00000000080027b0      0x100 ./Core/Src/crc.o
 .rodata.AHBPrescTable
                0x00000000080028b0       0x10 ./Core/Src/system_stm32f4xx.o
                0x00000000080028b0                AHBPrescTable
 .rodata.APBPrescTable
                0x00000000080028c0        0x8 ./Core/Src/system_stm32f4xx.o
                0x00000000080028c0                APBPrescTable
 .rodata.flagBitshiftOffset.0
                0x00000000080028c8        0x8 ./Drivers/STM32F4xx_HAL_Driver/Src/stm32f4xx_hal_dma.o
                0x00000000080028d0                . = ALIGN (0x4)

.ARM.extab      0x00000000080028d0        0x0
                0x00000000080028d0                . = ALIGN (0x4)
 *(.ARM.extab* .gnu.linkonce.armextab.*)
                0x00000000080028d0                . = ALIGN (0x4)

.ARM            0x00000000080028d0        0x8
                0x00000000080028d0                . = ALIGN (0x4)
                0x00000000080028d0                __exidx_start = .
 *(.ARM.exidx*)
 .ARM.exidx     0x00000000080028d0        0x8 d:/application/st/stm32cubeide_1.11.2/stm32cubeide/plugins/com.st.stm32cube.ide.mcu.externaltools.gnu-tools-for-stm32.10.3-2021.10.win32_1.0.100.202210260954/tools/bin/../lib/gcc/arm-none-eabi/10.3.1/thumb/v7e-m+fp/hard\libgcc.a(_udivmoddi4.o)
                0x00000000080028d8                __exidx_end = .
                0x00000000080028d8                . = ALIGN (0x4)

.rel.dyn        0x00000000080028d8        0x0
 .rel.iplt      0x00000000080028d8        0x0 d:/application/st/stm32cubeide_1.11.2/stm32cubeide/plugins/com.st.stm32cube.ide.mcu.externaltools.gnu-tools-for-stm32.10.3-2021.10.win32_1.0.100.202210260954/tools/bin/../lib/gcc/arm-none-eabi/10.3.1/thumb/v7e-m+fp/hard/crtbegin.o

.preinit_array  0x00000000080028d8        0x0
                0x00000000080028d8                . = ALIGN (0x4)
                0x00000000080028d8                PROVIDE (__preinit_array_start = .)
 *(.preinit_array*)
                0x00000000080028d8                PROVIDE (__preinit_array_end = .)
                0x00000000080028d8                . = ALIGN (0x4)

.init_array     0x00000000080028d8        0x4
                0x00000000080028d8                . = ALIGN (0x4)
                0x00000000080028d8                PROVIDE (__init_array_start = .)
 *(SORT_BY_NAME(.init_array.*))
 *(.init_array*)
 .init_array    0x00000000080028d8        0x4 d:/application/st/stm32cubeide_1.11.2/stm32cubeide/plugins/com.st.stm32cube.ide.mcu.externaltools.gnu-tools-for-stm32.10.3-2021.10.win32_1.0.100.202210260954/tools/bin/../lib/gcc/arm-none-eabi/10.3.1/thumb/v7e-m+fp/hard/crtbegin.o
                0x00000000080028dc                PROVIDE (__init_array_end = .)
                0x00000000080028dc                . = ALIGN (0x4)

.fini_array     0x00000000080028dc        0x4
                0x00000000080028dc                . = ALIGN (0x4)
                [!provide]                        PROVIDE (__fini_array_start = .)
 *(SORT_BY_NAME(.fini_array.*))
 *(.fini_array*)
 .fini_array    0x00000000080028dc        0x4 d:/application/st/stm32cubeide_1.11.2/stm32cubeide/plugins/com.st.stm32cube.ide.mcu.externaltools.gnu-tools-for-stm32.10.3-2021.10.win32_1.0.100.202210260954/tools/bin/../lib/gcc/arm-none-eabi/10.3.1/thumb/v7e-m+fp/hard/crtbegin.o
                [!provide]                        PROVIDE (__fini_array_end = .)
                0x00000000080028e0                . = ALIGN (0x4)
                0x00000000080028e0                _sidata = LOADADDR (.data)

.data           0x0000000020000000       0x30 load address 0x00000000080028e0
                0x0000000020000000                . = ALIGN (0x4)
                0x0000000020000000                _sdata = .
 *(.data)
 *(.data*)
 .data.CH_auto  0x0000000020000000        0x8 ./Core/Src/main.o
                0x0000000020000000                CH_auto
 .data.sbus_test_buf
                0x0000000020000008       0x19 ./Core/Src/main.o
                0x0000000020000008                sbus_test_buf
 *fill*         0x0000000020000021        0x3 
 .data.SystemCoreClock
                0x0000000020000024        0x4 ./Core/Src/system_stm32f4xx.o
                0x0000000020000024                SystemCoreClock
 .data.uwTickFreq
                0x0000000020000028        0x1 ./Drivers/STM32F4xx_HAL_Driver/Src/stm32f4xx_hal.o
                0x0000000020000028                uwTickFreq
 *fill*         0x0000000020000029        0x3 
 .data.uwTickPrio
                0x000000002000002c        0x4 ./Drivers/STM32F4xx_HAL_Driver/Src/stm32f4xx_hal.o
                0x000000002000002c                uwTickPrio
 *(.RamFunc)
 *(.RamFunc*)
                0x0000000020000030                . = ALIGN (0x4)
                0x0000000020000030                _edata = .

.igot.plt       0x0000000020000030        0x0 load address 0x0000000008002910
 .igot.plt      0x0000000020000030        0x0 d:/application/st/stm32cubeide_1.11.2/stm32cubeide/plugins/com.st.stm32cube.ide.mcu.externaltools.gnu-tools-for-stm32.10.3-2021.10.win32_1.0.100.202210260954/tools/bin/../lib/gcc/arm-none-eabi/10.3.1/thumb/v7e-m+fp/hard/crtbegin.o
                0x0000000020000030                . = ALIGN (0x4)

.bss            0x0000000020000030      0x1d4 load address 0x0000000008002910
                0x0000000020000030                _sbss = .
                0x0000000020000030                __bss_start__ = _sbss
 *(.bss)
 .bss           0x0000000020000030       0x1c d:/application/st/stm32cubeide_1.11.2/stm32cubeide/plugins/com.st.stm32cube.ide.mcu.externaltools.gnu-tools-for-stm32.10.3-2021.10.win32_1.0.100.202210260954/tools/bin/../lib/gcc/arm-none-eabi/10.3.1/thumb/v7e-m+fp/hard/crtbegin.o
 *(.bss*)
 .bss.CH        0x000000002000004c       0x24 ./Core/Src/main.o
                0x000000002000004c                CH
 .bss.RC_Mode   0x0000000020000070        0x1 ./Core/Src/main.o
                0x0000000020000070                RC_Mode
 *fill*         0x0000000020000071        0x1 
 .bss.SBUS_footer
                0x0000000020000072        0x2 ./Core/Src/main.o
                0x0000000020000072                SBUS_footer
 .bss.UAV_Mode  0x0000000020000074        0x1 ./Core/Src/main.o
                0x0000000020000074                UAV_Mode
 .bss.autonomous_status
                0x0000000020000075        0x1 ./Core/Src/main.o
                0x0000000020000075                autonomous_status
 .bss.buf       0x0000000020000076       0x19 ./Core/Src/main.o
                0x0000000020000076                buf
 *fill*         0x000000002000008f        0x1 
 .bss.calculated_crc
                0x0000000020000090        0x2 ./Core/Src/main.o
                0x0000000020000090                calculated_crc
 .bss.catch_signal
                0x0000000020000092        0x1 ./Core/Src/main.o
                0x0000000020000092                catch_signal
 *fill*         0x0000000020000093        0x1 
 .bss.failsafe_status
                0x0000000020000094        0x2 ./Core/Src/main.o
                0x0000000020000094                failsafe_status
 *fill*         0x0000000020000096        0x2 
 .bss.hdma_usart6_rx
                0x0000000020000098       0x60 ./Core/Src/main.o
                0x0000000020000098                hdma_usart6_rx
 .bss.htim3     0x00000000200000f8       0x48 ./Core/Src/main.o
                0x00000000200000f8                htim3
 .bss.huart2    0x0000000020000140       0x44 ./Core/Src/main.o
                0x0000000020000140                huart2
 .bss.huart6    0x0000000020000184       0x44 ./Core/Src/main.o
                0x0000000020000184                huart6
 .bss.pre_catch_buf
                0x00000000200001c8        0x1 ./Core/Src/main.o
                0x00000000200001c8                pre_catch_buf
 *fill*         0x00000000200001c9        0x3 
 .bss.pre_init_counter
                0x00000000200001cc        0x4 ./Core/Src/main.o
                0x00000000200001cc                pre_init_counter
 .bss.received_crc
                0x00000000200001d0        0x2 ./Core/Src/main.o
                0x00000000200001d0                received_crc
 .bss.rx_usb_buf
                0x00000000200001d2        0xa ./Core/Src/main.o
                0x00000000200001d2                rx_usb_buf
 .bss.rx_usb_data_ok
                0x00000000200001dc        0x1 ./Core/Src/main.o
                0x00000000200001dc                rx_usb_data_ok
 .bss.sbus_tx_buffer
                0x00000000200001dd       0x19 ./Core/Src/main.o
                0x00000000200001dd                sbus_tx_buffer
 .bss.sbus_tx_cmp
                0x00000000200001f6        0x2 ./Core/Src/main.o
                0x00000000200001f6                sbus_tx_cmp
 .bss.scaled_pitch
                0x00000000200001f8        0x1 ./Core/Src/main.o
                0x00000000200001f8                scaled_pitch
 .bss.scaled_roll
                0x00000000200001f9        0x1 ./Core/Src/main.o
                0x00000000200001f9                scaled_roll
 .bss.scaled_throttle
                0x00000000200001fa        0x1 ./Core/Src/main.o
                0x00000000200001fa                scaled_throttle
 .bss.scaled_yaw
                0x00000000200001fb        0x1 ./Core/Src/main.o
                0x00000000200001fb                scaled_yaw
 .bss.start_counting
                0x00000000200001fc        0x1 ./Core/Src/main.o
                0x00000000200001fc                start_counting
 .bss.tx_sbus_flag
                0x00000000200001fd        0x1 ./Core/Src/main.o
                0x00000000200001fd                tx_sbus_flag
 .bss.tx_sbus_flag_count
                0x00000000200001fe        0x2 ./Core/Src/main.o
                0x00000000200001fe                tx_sbus_flag_count
 .bss.uwTick    0x0000000020000200        0x4 ./Drivers/STM32F4xx_HAL_Driver/Src/stm32f4xx_hal.o
                0x0000000020000200                uwTick
 *(COMMON)
                0x0000000020000204                . = ALIGN (0x4)
                0x0000000020000204                _ebss = .
                0x0000000020000204                __bss_end__ = _ebss

._user_heap_stack
                0x0000000020000204      0x604 load address 0x0000000008002910
                0x0000000020000208                . = ALIGN (0x8)
 *fill*         0x0000000020000204        0x4 
                [!provide]                        PROVIDE (end = .)
                0x0000000020000208                PROVIDE (_end = .)
                0x0000000020000408                . = (. + _Min_Heap_Size)
 *fill*         0x0000000020000208      0x200 
                0x0000000020000808                . = (. + _Min_Stack_Size)
 *fill*         0x0000000020000408      0x400 
                0x0000000020000808                . = ALIGN (0x8)

/DISCARD/
 libc.a(*)
 libm.a(*)
 libgcc.a(*)

.ARM.attributes
                0x0000000000000000       0x30
 *(.ARM.attributes)
 .ARM.attributes
                0x0000000000000000       0x1e d:/application/st/stm32cubeide_1.11.2/stm32cubeide/plugins/com.st.stm32cube.ide.mcu.externaltools.gnu-tools-for-stm32.10.3-2021.10.win32_1.0.100.202210260954/tools/bin/../lib/gcc/arm-none-eabi/10.3.1/thumb/v7e-m+fp/hard/crti.o
 .ARM.attributes
                0x000000000000001e       0x34 d:/application/st/stm32cubeide_1.11.2/stm32cubeide/plugins/com.st.stm32cube.ide.mcu.externaltools.gnu-tools-for-stm32.10.3-2021.10.win32_1.0.100.202210260954/tools/bin/../lib/gcc/arm-none-eabi/10.3.1/thumb/v7e-m+fp/hard/crtbegin.o
 .ARM.attributes
                0x0000000000000052       0x34 ./Core/Src/crc.o
 .ARM.attributes
                0x0000000000000086       0x34 ./Core/Src/main.o
 .ARM.attributes
                0x00000000000000ba       0x34 ./Core/Src/stm32f4xx_hal_msp.o
 .ARM.attributes
                0x00000000000000ee       0x34 ./Core/Src/stm32f4xx_it.o
 .ARM.attributes
                0x0000000000000122       0x34 ./Core/Src/system_stm32f4xx.o
 .ARM.attributes
                0x0000000000000156       0x21 ./Core/Startup/startup_stm32f411ceux.o
 .ARM.attributes
                0x0000000000000177       0x34 ./Drivers/STM32F4xx_HAL_Driver/Src/stm32f4xx_hal.o
 .ARM.attributes
                0x00000000000001ab       0x34 ./Drivers/STM32F4xx_HAL_Driver/Src/stm32f4xx_hal_cortex.o
 .ARM.attributes
                0x00000000000001df       0x34 ./Drivers/STM32F4xx_HAL_Driver/Src/stm32f4xx_hal_dma.o
 .ARM.attributes
                0x0000000000000213       0x34 ./Drivers/STM32F4xx_HAL_Driver/Src/stm32f4xx_hal_gpio.o
 .ARM.attributes
                0x0000000000000247       0x34 ./Drivers/STM32F4xx_HAL_Driver/Src/stm32f4xx_hal_rcc.o
 .ARM.attributes
                0x000000000000027b       0x34 ./Drivers/STM32F4xx_HAL_Driver/Src/stm32f4xx_hal_tim.o
 .ARM.attributes
                0x00000000000002af       0x34 ./Drivers/STM32F4xx_HAL_Driver/Src/stm32f4xx_hal_tim_ex.o
 .ARM.attributes
                0x00000000000002e3       0x34 ./Drivers/STM32F4xx_HAL_Driver/Src/stm32f4xx_hal_uart.o
 .ARM.attributes
                0x0000000000000317       0x34 d:/application/st/stm32cubeide_1.11.2/stm32cubeide/plugins/com.st.stm32cube.ide.mcu.externaltools.gnu-tools-for-stm32.10.3-2021.10.win32_1.0.100.202210260954/tools/bin/../lib/gcc/arm-none-eabi/10.3.1/../../../../arm-none-eabi/lib/thumb/v7e-m+fp/hard\libc_nano.a(lib_a-init.o)
 .ARM.attributes
                0x000000000000034b       0x34 d:/application/st/stm32cubeide_1.11.2/stm32cubeide/plugins/com.st.stm32cube.ide.mcu.externaltools.gnu-tools-for-stm32.10.3-2021.10.win32_1.0.100.202210260954/tools/bin/../lib/gcc/arm-none-eabi/10.3.1/../../../../arm-none-eabi/lib/thumb/v7e-m+fp/hard\libc_nano.a(lib_a-memset.o)
 .ARM.attributes
                0x000000000000037f       0x1e d:/application/st/stm32cubeide_1.11.2/stm32cubeide/plugins/com.st.stm32cube.ide.mcu.externaltools.gnu-tools-for-stm32.10.3-2021.10.win32_1.0.100.202210260954/tools/bin/../lib/gcc/arm-none-eabi/10.3.1/thumb/v7e-m+fp/hard\libgcc.a(_aeabi_uldivmod.o)
 .ARM.attributes
                0x000000000000039d       0x34 d:/application/st/stm32cubeide_1.11.2/stm32cubeide/plugins/com.st.stm32cube.ide.mcu.externaltools.gnu-tools-for-stm32.10.3-2021.10.win32_1.0.100.202210260954/tools/bin/../lib/gcc/arm-none-eabi/10.3.1/thumb/v7e-m+fp/hard\libgcc.a(_udivmoddi4.o)
 .ARM.attributes
                0x00000000000003d1       0x1e d:/application/st/stm32cubeide_1.11.2/stm32cubeide/plugins/com.st.stm32cube.ide.mcu.externaltools.gnu-tools-for-stm32.10.3-2021.10.win32_1.0.100.202210260954/tools/bin/../lib/gcc/arm-none-eabi/10.3.1/thumb/v7e-m+fp/hard\libgcc.a(_dvmd_tls.o)
 .ARM.attributes
                0x00000000000003ef       0x1e d:/application/st/stm32cubeide_1.11.2/stm32cubeide/plugins/com.st.stm32cube.ide.mcu.externaltools.gnu-tools-for-stm32.10.3-2021.10.win32_1.0.100.202210260954/tools/bin/../lib/gcc/arm-none-eabi/10.3.1/thumb/v7e-m+fp/hard/crtn.o
OUTPUT(F411_mach_RC.elf elf32-littlearm)
LOAD linker stubs
LOAD d:/application/st/stm32cubeide_1.11.2/stm32cubeide/plugins/com.st.stm32cube.ide.mcu.externaltools.gnu-tools-for-stm32.10.3-2021.10.win32_1.0.100.202210260954/tools/bin/../lib/gcc/arm-none-eabi/10.3.1/../../../../arm-none-eabi/lib/thumb/v7e-m+fp/hard\libc.a
LOAD d:/application/st/stm32cubeide_1.11.2/stm32cubeide/plugins/com.st.stm32cube.ide.mcu.externaltools.gnu-tools-for-stm32.10.3-2021.10.win32_1.0.100.202210260954/tools/bin/../lib/gcc/arm-none-eabi/10.3.1/../../../../arm-none-eabi/lib/thumb/v7e-m+fp/hard\libm.a
LOAD d:/application/st/stm32cubeide_1.11.2/stm32cubeide/plugins/com.st.stm32cube.ide.mcu.externaltools.gnu-tools-for-stm32.10.3-2021.10.win32_1.0.100.202210260954/tools/bin/../lib/gcc/arm-none-eabi/10.3.1/thumb/v7e-m+fp/hard\libgcc.a

.comment        0x0000000000000000       0x50
 .comment       0x0000000000000000       0x50 ./Core/Src/crc.o
                                         0x51 (size before relaxing)
 .comment       0x0000000000000050       0x51 ./Core/Src/main.o
 .comment       0x0000000000000050       0x51 ./Core/Src/stm32f4xx_hal_msp.o
 .comment       0x0000000000000050       0x51 ./Core/Src/stm32f4xx_it.o
 .comment       0x0000000000000050       0x51 ./Core/Src/system_stm32f4xx.o
 .comment       0x0000000000000050       0x51 ./Drivers/STM32F4xx_HAL_Driver/Src/stm32f4xx_hal.o
 .comment       0x0000000000000050       0x51 ./Drivers/STM32F4xx_HAL_Driver/Src/stm32f4xx_hal_cortex.o
 .comment       0x0000000000000050       0x51 ./Drivers/STM32F4xx_HAL_Driver/Src/stm32f4xx_hal_dma.o
 .comment       0x0000000000000050       0x51 ./Drivers/STM32F4xx_HAL_Driver/Src/stm32f4xx_hal_gpio.o
 .comment       0x0000000000000050       0x51 ./Drivers/STM32F4xx_HAL_Driver/Src/stm32f4xx_hal_rcc.o
 .comment       0x0000000000000050       0x51 ./Drivers/STM32F4xx_HAL_Driver/Src/stm32f4xx_hal_tim.o
 .comment       0x0000000000000050       0x51 ./Drivers/STM32F4xx_HAL_Driver/Src/stm32f4xx_hal_tim_ex.o
 .comment       0x0000000000000050       0x51 ./Drivers/STM32F4xx_HAL_Driver/Src/stm32f4xx_hal_uart.o

.debug_frame    0x0000000000000000       0xac
 .debug_frame   0x0000000000000000       0x2c d:/application/st/stm32cubeide_1.11.2/stm32cubeide/plugins/com.st.stm32cube.ide.mcu.externaltools.gnu-tools-for-stm32.10.3-2021.10.win32_1.0.100.202210260954/tools/bin/../lib/gcc/arm-none-eabi/10.3.1/../../../../arm-none-eabi/lib/thumb/v7e-m+fp/hard\libc_nano.a(lib_a-init.o)
 .debug_frame   0x000000000000002c       0x20 d:/application/st/stm32cubeide_1.11.2/stm32cubeide/plugins/com.st.stm32cube.ide.mcu.externaltools.gnu-tools-for-stm32.10.3-2021.10.win32_1.0.100.202210260954/tools/bin/../lib/gcc/arm-none-eabi/10.3.1/../../../../arm-none-eabi/lib/thumb/v7e-m+fp/hard\libc_nano.a(lib_a-memset.o)
 .debug_frame   0x000000000000004c       0x2c d:/application/st/stm32cubeide_1.11.2/stm32cubeide/plugins/com.st.stm32cube.ide.mcu.externaltools.gnu-tools-for-stm32.10.3-2021.10.win32_1.0.100.202210260954/tools/bin/../lib/gcc/arm-none-eabi/10.3.1/thumb/v7e-m+fp/hard\libgcc.a(_aeabi_uldivmod.o)
 .debug_frame   0x0000000000000078       0x34 d:/application/st/stm32cubeide_1.11.2/stm32cubeide/plugins/com.st.stm32cube.ide.mcu.externaltools.gnu-tools-for-stm32.10.3-2021.10.win32_1.0.100.202210260954/tools/bin/../lib/gcc/arm-none-eabi/10.3.1/thumb/v7e-m+fp/hard\libgcc.a(_udivmoddi4.o)
